src/components/cards/LeaderboardItem.tsx(14,7): error TS2367: This comparison appears to be unintentional because the types 'VolunteerTier' and '"Platinum"' have no overlap.
src/components/cards/LeaderboardItem.tsx(17,14): error TS2367: This comparison appears to be unintentional because the types 'VolunteerTier' and '"Gold"' have no overlap.
src/components/cards/LeaderboardItem.tsx(19,14): error TS2367: This comparison appears to be unintentional because the types 'VolunteerTier' and '"Silver"' have no overlap.
src/components/cards/LeaderboardItem.tsx(21,14): error TS2367: This comparison appears to be unintentional because the types 'VolunteerTier' and '"Bronze"' have no overlap.
src/data/mockData.ts(10,73): error TS2322: Type '"Dharavi"' is not assignable to type 'Region'.
src/data/mockData.ts(10,107): error TS2353: Object literal may only specify known properties, and 'lat' does not exist in type 'Coordinates'.
src/data/mockData.ts(11,85): error TS2322: Type '"Bandra"' is not assignable to type 'Region'.
src/data/mockData.ts(11,118): error TS2353: Object literal may only specify known properties, and 'lat' does not exist in type 'Coordinates'.
src/data/mockData.ts(12,76): error TS2322: Type '"Kurla"' is not assignable to type 'Region'.
src/data/mockData.ts(12,108): error TS2353: Object literal may only specify known properties, and 'lat' does not exist in type 'Coordinates'.
src/data/mockData.ts(13,73): error TS2322: Type '"Andheri"' is not assignable to type 'Region'.
src/data/mockData.ts(13,107): error TS2353: Object literal may only specify known properties, and 'lat' does not exist in type 'Coordinates'.
src/data/mockData.ts(14,90): error TS2322: Type '"Dharavi"' is not assignable to type 'Region'.
src/data/mockData.ts(14,124): error TS2353: Object literal may only specify known properties, and 'lat' does not exist in type 'Coordinates'.
src/data/mockData.ts(15,79): error TS2322: Type '"Dharavi"' is not assignable to type 'Region'.
src/data/mockData.ts(15,113): error TS2353: Object literal may only specify known properties, and 'lat' does not exist in type 'Coordinates'.
src/data/mockData.ts(16,76): error TS2322: Type '"Kurla"' is not assignable to type 'Region'.
src/data/mockData.ts(16,108): error TS2353: Object literal may only specify known properties, and 'lat' does not exist in type 'Coordinates'.
src/data/mockData.ts(17,77): error TS2322: Type '"Bandra"' is not assignable to type 'Region'.
src/data/mockData.ts(17,110): error TS2353: Object literal may only specify known properties, and 'lat' does not exist in type 'Coordinates'.
src/data/mockData.ts(27,68): error TS2322: Type '"Community Organizer"' is not assignable to type 'UserRole'.
src/data/mockData.ts(27,132): error TS2820: Type '"Gold"' is not assignable to type 'VolunteerTier'. Did you mean '"GOLD"'?
src/data/mockData.ts(33,67): error TS2820: Type '"Volunteer"' is not assignable to type 'UserRole'. Did you mean '"VOLUNTEER"'?
src/data/mockData.ts(33,120): error TS2820: Type '"Bronze"' is not assignable to type 'VolunteerTier'. Did you mean '"BRONZE"'?
src/data/mockData.ts(39,65): error TS2820: Type '"Volunteer"' is not assignable to type 'UserRole'. Did you mean '"VOLUNTEER"'?
src/data/mockData.ts(39,119): error TS2820: Type '"Gold"' is not assignable to type 'VolunteerTier'. Did you mean '"GOLD"'?
src/data/mockData.ts(45,66): error TS2820: Type '"Volunteer"' is not assignable to type 'UserRole'. Did you mean '"VOLUNTEER"'?
src/data/mockData.ts(45,119): error TS2820: Type '"Silver"' is not assignable to type 'VolunteerTier'. Did you mean '"SILVER"'?
src/data/mockData.ts(51,64): error TS2820: Type '"Volunteer"' is not assignable to type 'UserRole'. Did you mean '"VOLUNTEER"'?
src/data/mockData.ts(51,117): error TS2820: Type '"Silver"' is not assignable to type 'VolunteerTier'. Did you mean '"SILVER"'?
src/data/mockData.ts(70,183): error TS2322: Type '"QUEUED"' is not assignable to type 'ReportStatus'.
src/data/mockData.ts(71,183): error TS2322: Type '"FLAGGED"' is not assignable to type 'ReportStatus'.
src/data/mockData.ts(72,176): error TS2322: Type '"PROCESSED"' is not assignable to type 'ReportStatus'.
src/data/mockData.ts(73,166): error TS2322: Type '"QUEUED"' is not assignable to type 'ReportStatus'.
src/data/mockData.ts(74,164): error TS2322: Type '"SYNCED"' is not assignable to type 'ReportStatus'.
src/data/mockData.ts(78,41): error TS2322: Type '"Medical"' is not assignable to type 'SkillCategory'.
src/data/mockData.ts(79,46): error TS2322: Type '"Medical"' is not assignable to type 'SkillCategory'.
src/data/mockData.ts(80,41): error TS2322: Type '"Food"' is not assignable to type 'SkillCategory'.
src/data/mockData.ts(81,38): error TS2820: Type '"Education"' is not assignable to type 'SkillCategory'. Did you mean '"EDUCATION"'?
src/data/mockData.ts(82,41): error TS2322: Type '"General"' is not assignable to type 'SkillCategory'.
src/data/mockData.ts(83,41): error TS2322: Type '"Medical"' is not assignable to type 'SkillCategory'.
src/data/mockData.ts(84,36): error TS2820: Type '"Education"' is not assignable to type 'SkillCategory'. Did you mean '"EDUCATION"'?
src/data/mockData.ts(85,37): error TS2820: Type '"Logistics"' is not assignable to type 'SkillCategory'. Did you mean '"LOGISTICS"'?
src/data/mockData.ts(86,38): error TS2322: Type '"General"' is not assignable to type 'SkillCategory'.
src/data/mockData.ts(87,36): error TS2820: Type '"Logistics"' is not assignable to type 'SkillCategory'. Did you mean '"LOGISTICS"'?
src/data/mockData.ts(88,40): error TS2322: Type '"Medical"' is not assignable to type 'SkillCategory'.
src/data/mockData.ts(92,54): error TS2820: Type '"Expert"' is not assignable to type 'SkillProficiency'. Did you mean '"EXPERT"'?
src/data/mockData.ts(93,54): error TS2820: Type '"Intermediate"' is not assignable to type 'SkillProficiency'. Did you mean '"INTERMEDIATE"'?
src/data/mockData.ts(94,54): error TS2820: Type '"Intermediate"' is not assignable to type 'SkillProficiency'. Did you mean '"INTERMEDIATE"'?
src/data/mockData.ts(95,54): error TS2820: Type '"Beginner"' is not assignable to type 'SkillProficiency'. Did you mean '"BEGINNER"'?
src/data/mockData.ts(96,54): error TS2820: Type '"Expert"' is not assignable to type 'SkillProficiency'. Did you mean '"EXPERT"'?
src/data/mockData.ts(97,54): error TS2820: Type '"Intermediate"' is not assignable to type 'SkillProficiency'. Did you mean '"INTERMEDIATE"'?
src/data/mockData.ts(98,54): error TS2820: Type '"Expert"' is not assignable to type 'SkillProficiency'. Did you mean '"EXPERT"'?
src/data/mockData.ts(99,55): error TS2820: Type '"Expert"' is not assignable to type 'SkillProficiency'. Did you mean '"EXPERT"'?
src/data/mockData.ts(139,35): error TS2353: Object literal may only specify known properties, and 'actionType' does not exist in type 'ActivityLog'.
src/data/mockData.ts(140,35): error TS2353: Object literal may only specify known properties, and 'actionType' does not exist in type 'ActivityLog'.
src/data/mockData.ts(141,35): error TS2353: Object literal may only specify known properties, and 'actionType' does not exist in type 'ActivityLog'.
src/data/mockData.ts(142,35): error TS2353: Object literal may only specify known properties, and 'actionType' does not exist in type 'ActivityLog'.
src/pages/Dashboard.tsx(2,1): error TS6192: All imports in import declaration are unused.
src/pages/MyProfile.tsx(2,1): error TS6192: All imports in import declaration are unused.
src/pages/MyProfile.tsx(70,11): error TS2367: This comparison appears to be unintentional because the types 'SkillCategory | undefined' and '"Medical"' have no overlap.
src/pages/MyProfile.tsx(71,16): error TS2367: This comparison appears to be unintentional because the types 'SkillCategory | undefined' and '"Food"' have no overlap.
src/pages/MyProfile.tsx(72,16): error TS2367: This comparison appears to be unintentional because the types 'SkillCategory | undefined' and '"Education"' have no overlap.
src/pages/MyProfile.tsx(115,30): error TS2769: No overload matches this call.
  Overload 1 of 4, '(value: string | number | Date): Date', gave the following error.
    Argument of type 'DateLike | undefined' is not assignable to parameter of type 'string | number | Date'.
      Type 'undefined' is not assignable to type 'string | number | Date'.
  Overload 2 of 4, '(value: string | number): Date', gave the following error.
    Argument of type 'DateLike | undefined' is not assignable to parameter of type 'string | number'.
      Type 'undefined' is not assignable to type 'string | number'.
src/pages/MyProfile.tsx(115,64): error TS2769: No overload matches this call.
  Overload 1 of 4, '(value: string | number | Date): Date', gave the following error.
    Argument of type 'DateLike | undefined' is not assignable to parameter of type 'string | number | Date'.
      Type 'undefined' is not assignable to type 'string | number | Date'.
  Overload 2 of 4, '(value: string | number): Date', gave the following error.
    Argument of type 'DateLike | undefined' is not assignable to parameter of type 'string | number'.
      Type 'undefined' is not assignable to type 'string | number'.
src/types/activity.types.ts(1,10): error TS1484: 'DateLike' is a type and must be imported using a type-only import when 'verbatimModuleSyntax' is enabled.
src/types/badge.types.ts(1,10): error TS1484: 'DateLike' is a type and must be imported using a type-only import when 'verbatimModuleSyntax' is enabled.
src/types/location.types.ts(1,10): error TS1484: 'DateLike' is a type and must be imported using a type-only import when 'verbatimModuleSyntax' is enabled.
src/types/metrics.types.ts(1,10): error TS1484: 'DateLike' is a type and must be imported using a type-only import when 'verbatimModuleSyntax' is enabled.
src/types/skill.types.ts(1,10): error TS1484: 'DateLike' is a type and must be imported using a type-only import when 'verbatimModuleSyntax' is enabled.
src/types/task.types.ts(1,10): error TS1484: 'DateLike' is a type and must be imported using a type-only import when 'verbatimModuleSyntax' is enabled.
